// Jest Snapshot v1, https://goo.gl/fbAQLP

exports[`no-debugger ошибки индекс теста: 0 1`] = `
Array [
  Object {
    "column": 1,
    "endColumn": 10,
    "endLine": 1,
    "line": 1,
    "message": "Unexpected 'debugger' statement.",
    "messageId": "unexpected",
    "nodeType": "DebuggerStatement",
    "ruleId": "no-debugger",
    "severity": 2,
  },
]
`;
