// Jest Snapshot v1, https://goo.gl/fbAQLP

exports[`no-non-null-assertion ошибки индекс теста: 0 1`] = `
Array [
  Object {
    "column": 30,
    "endColumn": 38,
    "endLine": 1,
    "line": 1,
    "message": "Forbidden non-null assertion.",
    "messageId": "noNonNull",
    "nodeType": "TSNonNullExpression",
    "ruleId": "@typescript-eslint/no-non-null-assertion",
    "severity": 2,
  },
]
`;
