// Jest Snapshot v1, https://goo.gl/fbAQLP

exports[`no-this-assignment не ошибки индекс теста: 0 1`] = `Array []`;

exports[`no-this-assignment ошибки индекс теста: 0 1`] = `
Array [
  Object {
    "column": 7,
    "endColumn": 12,
    "endLine": 1,
    "line": 1,
    "message": "Unexpected aliasing of 'this' to local variable.",
    "messageId": "thisAssignment",
    "nodeType": "Identifier",
    "ruleId": "@typescript-eslint/no-this-alias",
    "severity": 1,
  },
]
`;
