// Jest Snapshot v1, https://goo.gl/fbAQLP

exports[`only-arrow-functions не ошибки индекс теста: 0 1`] = `Array []`;

exports[`only-arrow-functions не ошибки индекс теста: 1 1`] = `Array []`;

exports[`only-arrow-functions не ошибки индекс теста: 2 1`] = `Array []`;

exports[`only-arrow-functions не ошибки индекс теста: 3 1`] = `Array []`;

exports[`only-arrow-functions не ошибки индекс теста: 4 1`] = `Array []`;

exports[`only-arrow-functions не ошибки индекс теста: 5 1`] = `Array []`;

exports[`only-arrow-functions не ошибки индекс теста: 6 1`] = `Array []`;

exports[`only-arrow-functions не ошибки индекс теста: 7 1`] = `Array []`;

exports[`only-arrow-functions не ошибки индекс теста: 8 1`] = `Array []`;

exports[`only-arrow-functions не ошибки индекс теста: 9 1`] = `Array []`;
