// Jest Snapshot v1, https://goo.gl/fbAQLP

exports[`block-no-empty не ошибки индекс теста: 0 1`] = `Array []`;

exports[`block-no-empty не ошибки индекс теста: 0 2`] = `Array []`;

exports[`block-no-empty ошибки индекс теста: 0 1`] = `
Array [
  Object {
    "column": 8,
    "endColumn": 2,
    "endLine": 2,
    "line": 1,
    "rule": "block-no-empty",
    "severity": "error",
    "text": "Unexpected empty block (block-no-empty)",
  },
]
`;

exports[`block-no-empty ошибки индекс теста: 0 2`] = `Array []`;
