// Jest Snapshot v1, https://goo.gl/fbAQLP

exports[`selector-max-type ошибки индекс теста: 0 1`] = `
Array [
  Object {
    "column": 1,
    "endColumn": 2,
    "endLine": 1,
    "line": 1,
    "rule": "selector-max-type",
    "severity": "error",
    "text": "Expected \\"a\\" to have no more than 0 type selectors (selector-max-type)",
  },
]
`;
