// Jest Snapshot v1, https://goo.gl/fbAQLP

exports[`selector-pseudo-element-no-unknown не ошибки индекс теста: 0 1`] = `Array []`;

exports[`selector-pseudo-element-no-unknown не ошибки индекс теста: 0 2`] = `Array []`;

exports[`selector-pseudo-element-no-unknown ошибки индекс теста: 0 1`] = `
Array [
  Object {
    "column": 7,
    "endColumn": 15,
    "endLine": 1,
    "line": 1,
    "rule": "selector-pseudo-element-no-unknown",
    "severity": "error",
    "text": "Unexpected unknown pseudo-element selector \\"::befroe\\" (selector-pseudo-element-no-unknown)",
  },
]
`;

exports[`selector-pseudo-element-no-unknown ошибки индекс теста: 0 2`] = `Array []`;
