// Jest Snapshot v1, https://goo.gl/fbAQLP

exports[`selector-type-no-unknown ошибки индекс теста: 0 1`] = `
Array [
  Object {
    "column": 1,
    "endColumn": 8,
    "endLine": 1,
    "line": 1,
    "rule": "selector-max-type",
    "severity": "error",
    "text": "Expected \\"unknown\\" to have no more than 0 type selectors (selector-max-type)",
  },
  Object {
    "column": 1,
    "endColumn": 8,
    "endLine": 1,
    "line": 1,
    "rule": "selector-type-no-unknown",
    "severity": "error",
    "text": "Unexpected unknown type selector \\"unknown\\" (selector-type-no-unknown)",
  },
]
`;
