// Jest Snapshot v1, https://goo.gl/fbAQLP

exports[`selector-pseudo-element-colon-notation не ошибки индекс теста: 0 1`] = `Array []`;

exports[`selector-pseudo-element-colon-notation ошибки индекс теста: 0 1`] = `
Array [
  Object {
    "column": 7,
    "endColumn": 8,
    "endLine": 1,
    "line": 1,
    "rule": "selector-pseudo-element-colon-notation",
    "severity": "error",
    "text": "Expected double colon pseudo-element notation (selector-pseudo-element-colon-notation)",
  },
]
`;
